// Jest Snapshot v1, https://goo.gl/fbAQLP

exports[`Should render card correctly 1`] = `
<div
  className="MuiPaper-root MuiCard-root makeStyles-root-1 MuiPaper-elevation1 MuiPaper-rounded"
>
  <h1>
    hello world
  </h1>
</div>
`;
